lib/actions/patient.actions.ts(3,14): error TS2305: Module '"node-appwrite"' has no exported member 'InputFile'.
lib/auth/permission-engine.ts(18,43): error TS2345: Argument of type 'string | null' is not assignable to parameter of type 'string'.
  Type 'null' is not assignable to type 'string'.
lib/email/send-email.ts(290,7): error TS2561: Object literal may only specify known properties, but 'scheduled_at' does not exist in type '(Required<Pick<EmailRenderOptions$1, "html">> & Partial<Pick<EmailRenderOptions$1, "text" | "react">> & CreateEmailBaseOptions & { ...; }) | (Required<...> & ... 2 more ... & { ...; }) | (Required<...> & ... 2 more ... & { ...; })'. Did you mean to write 'scheduledAt'?
lib/tenant-messaging-auth.ts(16,5): error TS2322: Type 'string | null' is not assignable to type 'string'.
  Type 'null' is not assignable to type 'string'.
